{"level":"info","message":"Launching browser...","service":"cucumber-framework","timestamp":"2026-09-25 17:28:42"}
{"level":"info","message":"Browser launched successfully","service":"cucumber-framework","timestamp":"2026-09-25 17:28:46"}
{"level":"info","message":"Starting scenario: Successful login with valid credentials","service":"cucumber-framework","timestamp":"2026-09-25 17:28:50"}
{"level":"error","message":"Failed to navigate to undefined: page.goto: url: expected string, got undefined","service":"cucumber-framework","timestamp":"2026-09-25 17:28:50"}
{"level":"error","message":"Failed to navigate to login page: page.goto: url: expected string, got undefined","service":"cucumber-framework","timestamp":"2026-09-25 17:28:50"}
{"level":"error","message":"Failed to navigate to login page: page.goto: url: expected string, got undefined","service":"cucumber-framework","timestamp":"2026-09-25 17:28:50"}
{"level":"error","message":"Scenario failed: Successful login with valid credentials","service":"cucumber-framework","timestamp":"2026-09-25 17:28:50"}
{"level":"info","message":"Screenshot saved: ./screenshots/failed_Successful_login_with_valid_credentials_2026-09-25T11-58-50-713Z.png","service":"cucumber-framework","timestamp":"2026-09-25 17:28:51"}
{"level":"info","message":"Starting scenario: Failed login with invalid credentials","service":"cucumber-framework","timestamp":"2026-09-25 17:28:52"}
{"level":"error","message":"Failed to navigate to undefined: page.goto: url: expected string, got undefined","service":"cucumber-framework","timestamp":"2026-09-25 17:28:52"}
{"level":"error","message":"Failed to navigate to login page: page.goto: url: expected string, got undefined","service":"cucumber-framework","timestamp":"2026-09-25 17:28:52"}
{"level":"error","message":"Failed to navigate to login page: page.goto: url: expected string, got undefined","service":"cucumber-framework","timestamp":"2026-09-25 17:28:52"}
{"level":"error","message":"Scenario failed: Failed login with invalid credentials","service":"cucumber-framework","timestamp":"2026-09-25 17:28:52"}
{"level":"info","message":"Screenshot saved: ./screenshots/failed_Failed_login_with_invalid_credentials_2026-09-25T11-58-52-528Z.png","service":"cucumber-framework","timestamp":"2026-09-25 17:28:53"}
{"level":"info","message":"Starting scenario: Login with random user data using Faker","service":"cucumber-framework","timestamp":"2026-09-25 17:28:54"}
{"level":"error","message":"Failed to navigate to undefined: page.goto: url: expected string, got undefined","service":"cucumber-framework","timestamp":"2026-09-25 17:28:54"}
{"level":"error","message":"Failed to navigate to login page: page.goto: url: expected string, got undefined","service":"cucumber-framework","timestamp":"2026-09-25 17:28:54"}
{"level":"error","message":"Failed to navigate to login page: page.goto: url: expected string, got undefined","service":"cucumber-framework","timestamp":"2026-09-25 17:28:54"}
{"level":"error","message":"Scenario failed: Login with random user data using Faker","service":"cucumber-framework","timestamp":"2026-09-25 17:28:54"}
{"level":"info","message":"Screenshot saved: ./screenshots/failed_Login_with_random_user_data_using_Faker_2026-09-25T11-58-54-547Z.png","service":"cucumber-framework","timestamp":"2026-09-25 17:28:54"}
{"level":"info","message":"Browser closed successfully","service":"cucumber-framework","timestamp":"2026-09-25 17:28:56"}
{"level":"info","message":"Launching browser...","service":"cucumber-framework","timestamp":"2026-09-25 17:43:06"}
{"level":"info","message":"Browser launched successfully","service":"cucumber-framework","timestamp":"2026-09-25 17:43:09"}
{"level":"info","message":"Starting scenario: Successful login with valid credentials","service":"cucumber-framework","timestamp":"2026-09-25 17:43:10"}
{"level":"error","message":"Failed to navigate to undefined: page.goto: url: expected string, got undefined","service":"cucumber-framework","timestamp":"2026-09-25 17:43:10"}
{"level":"error","message":"Failed to navigate to login page: page.goto: url: expected string, got undefined","service":"cucumber-framework","timestamp":"2026-09-25 17:43:10"}
{"level":"error","message":"Failed to navigate to login page: page.goto: url: expected string, got undefined","service":"cucumber-framework","timestamp":"2026-09-25 17:43:10"}
{"level":"error","message":"Scenario failed: Successful login with valid credentials","service":"cucumber-framework","timestamp":"2026-09-25 17:43:10"}
{"level":"info","message":"Screenshot saved: ./screenshots/failed_Successful_login_with_valid_credentials_2026-09-25T12-13-10-255Z.png","service":"cucumber-framework","timestamp":"2026-09-25 17:43:10"}
{"level":"info","message":"Starting scenario: Failed login with invalid credentials","service":"cucumber-framework","timestamp":"2026-09-25 17:43:11"}
{"level":"error","message":"Failed to navigate to undefined: page.goto: url: expected string, got undefined","service":"cucumber-framework","timestamp":"2026-09-25 17:43:11"}
{"level":"error","message":"Failed to navigate to login page: page.goto: url: expected string, got undefined","service":"cucumber-framework","timestamp":"2026-09-25 17:43:11"}
{"level":"error","message":"Failed to navigate to login page: page.goto: url: expected string, got undefined","service":"cucumber-framework","timestamp":"2026-09-25 17:43:11"}
{"level":"error","message":"Scenario failed: Failed login with invalid credentials","service":"cucumber-framework","timestamp":"2026-09-25 17:43:11"}
{"level":"info","message":"Screenshot saved: ./screenshots/failed_Failed_login_with_invalid_credentials_2026-09-25T12-13-11-246Z.png","service":"cucumber-framework","timestamp":"2026-09-25 17:43:11"}
{"level":"info","message":"Starting scenario: Login with random user data using Faker","service":"cucumber-framework","timestamp":"2026-09-25 17:43:12"}
{"level":"error","message":"Failed to navigate to undefined: page.goto: url: expected string, got undefined","service":"cucumber-framework","timestamp":"2026-09-25 17:43:12"}
{"level":"error","message":"Failed to navigate to login page: page.goto: url: expected string, got undefined","service":"cucumber-framework","timestamp":"2026-09-25 17:43:12"}
{"level":"error","message":"Failed to navigate to login page: page.goto: url: expected string, got undefined","service":"cucumber-framework","timestamp":"2026-09-25 17:43:12"}
{"level":"error","message":"Scenario failed: Login with random user data using Faker","service":"cucumber-framework","timestamp":"2026-09-25 17:43:12"}
{"level":"info","message":"Screenshot saved: ./screenshots/failed_Login_with_random_user_data_using_Faker_2026-09-25T12-13-12-273Z.png","service":"cucumber-framework","timestamp":"2026-09-25 17:43:12"}
{"level":"info","message":"Browser closed successfully","service":"cucumber-framework","timestamp":"2026-09-25 17:43:13"}
{"level":"info","message":"Launching browser...","service":"cucumber-framework","timestamp":"2026-09-28 11:09:22"}
{"level":"info","message":"Browser launched successfully","service":"cucumber-framework","timestamp":"2026-09-28 11:09:23"}
{"level":"info","message":"Starting scenario: Successful login with valid credentials","service":"cucumber-framework","timestamp":"2026-09-28 11:09:23"}
{"level":"error","message":"Failed to navigate to undefined: page.goto: url: expected string, got undefined","service":"cucumber-framework","timestamp":"2026-09-28 11:09:23"}
{"level":"error","message":"Failed to navigate to login page: page.goto: url: expected string, got undefined","service":"cucumber-framework","timestamp":"2026-09-28 11:09:23"}
{"level":"error","message":"Failed to navigate to login page: page.goto: url: expected string, got undefined","service":"cucumber-framework","timestamp":"2026-09-28 11:09:23"}
{"level":"error","message":"Scenario failed: Successful login with valid credentials","service":"cucumber-framework","timestamp":"2026-09-28 11:09:23"}
{"level":"info","message":"Screenshot saved: ./screenshots/failed_Successful_login_with_valid_credentials_2026-09-28T05-39-23-603Z.png","service":"cucumber-framework","timestamp":"2026-09-28 11:09:23"}
{"level":"info","message":"Starting scenario: Failed login with invalid credentials","service":"cucumber-framework","timestamp":"2026-09-28 11:09:23"}
{"level":"error","message":"Failed to navigate to undefined: page.goto: url: expected string, got undefined","service":"cucumber-framework","timestamp":"2026-09-28 11:09:23"}
{"level":"error","message":"Failed to navigate to login page: page.goto: url: expected string, got undefined","service":"cucumber-framework","timestamp":"2026-09-28 11:09:23"}
{"level":"error","message":"Failed to navigate to login page: page.goto: url: expected string, got undefined","service":"cucumber-framework","timestamp":"2026-09-28 11:09:23"}
{"level":"error","message":"Scenario failed: Failed login with invalid credentials","service":"cucumber-framework","timestamp":"2026-09-28 11:09:23"}
{"level":"info","message":"Screenshot saved: ./screenshots/failed_Failed_login_with_invalid_credentials_2026-09-28T05-39-23-901Z.png","service":"cucumber-framework","timestamp":"2026-09-28 11:09:23"}
{"level":"info","message":"Starting scenario: Login with random user data using Faker","service":"cucumber-framework","timestamp":"2026-09-28 11:09:24"}
{"level":"error","message":"Failed to navigate to undefined: page.goto: url: expected string, got undefined","service":"cucumber-framework","timestamp":"2026-09-28 11:09:24"}
{"level":"error","message":"Failed to navigate to login page: page.goto: url: expected string, got undefined","service":"cucumber-framework","timestamp":"2026-09-28 11:09:24"}
{"level":"error","message":"Failed to navigate to login page: page.goto: url: expected string, got undefined","service":"cucumber-framework","timestamp":"2026-09-28 11:09:24"}
{"level":"error","message":"Scenario failed: Login with random user data using Faker","service":"cucumber-framework","timestamp":"2026-09-28 11:09:24"}
{"level":"info","message":"Screenshot saved: ./screenshots/failed_Login_with_random_user_data_using_Faker_2026-09-28T05-39-24-176Z.png","service":"cucumber-framework","timestamp":"2026-09-28 11:09:24"}
{"level":"info","message":"Browser closed successfully","service":"cucumber-framework","timestamp":"2026-09-28 11:09:24"}
{"level":"info","message":"Launching browser...","service":"cucumber-framework","timestamp":"2026-09-28 11:17:18"}
{"level":"info","message":"Browser launched successfully","service":"cucumber-framework","timestamp":"2026-09-28 11:17:18"}
{"level":"info","message":"Starting scenario: Successful login with valid credentials","service":"cucumber-framework","timestamp":"2026-09-28 11:17:19"}
{"level":"error","message":"Failed to navigate to undefined: page.goto: url: expected string, got undefined","service":"cucumber-framework","timestamp":"2026-09-28 11:17:19"}
{"level":"error","message":"Failed to navigate to login page: page.goto: url: expected string, got undefined","service":"cucumber-framework","timestamp":"2026-09-28 11:17:19"}
{"level":"error","message":"Failed to navigate to login page: page.goto: url: expected string, got undefined","service":"cucumber-framework","timestamp":"2026-09-28 11:17:19"}
{"level":"error","message":"Scenario failed: Successful login with valid credentials","service":"cucumber-framework","timestamp":"2026-09-28 11:17:19"}
{"level":"info","message":"Screenshot saved: ./screenshots/failed_Successful_login_with_valid_credentials_2026-09-28T05-47-19-369Z.png","service":"cucumber-framework","timestamp":"2026-09-28 11:17:19"}
{"level":"info","message":"Starting scenario: Failed login with invalid credentials","service":"cucumber-framework","timestamp":"2026-09-28 11:17:19"}
{"level":"error","message":"Failed to navigate to undefined: page.goto: url: expected string, got undefined","service":"cucumber-framework","timestamp":"2026-09-28 11:17:19"}
{"level":"error","message":"Failed to navigate to login page: page.goto: url: expected string, got undefined","service":"cucumber-framework","timestamp":"2026-09-28 11:17:19"}
{"level":"error","message":"Failed to navigate to login page: page.goto: url: expected string, got undefined","service":"cucumber-framework","timestamp":"2026-09-28 11:17:19"}
{"level":"error","message":"Scenario failed: Failed login with invalid credentials","service":"cucumber-framework","timestamp":"2026-09-28 11:17:19"}
{"level":"info","message":"Screenshot saved: ./screenshots/failed_Failed_login_with_invalid_credentials_2026-09-28T05-47-19-618Z.png","service":"cucumber-framework","timestamp":"2026-09-28 11:17:19"}
{"level":"info","message":"Starting scenario: Login with random user data using Faker","service":"cucumber-framework","timestamp":"2026-09-28 11:17:19"}
{"level":"error","message":"Failed to navigate to undefined: page.goto: url: expected string, got undefined","service":"cucumber-framework","timestamp":"2026-09-28 11:17:19"}
{"level":"error","message":"Failed to navigate to login page: page.goto: url: expected string, got undefined","service":"cucumber-framework","timestamp":"2026-09-28 11:17:19"}
{"level":"error","message":"Failed to navigate to login page: page.goto: url: expected string, got undefined","service":"cucumber-framework","timestamp":"2026-09-28 11:17:19"}
{"level":"error","message":"Scenario failed: Login with random user data using Faker","service":"cucumber-framework","timestamp":"2026-09-28 11:17:19"}
{"level":"info","message":"Screenshot saved: ./screenshots/failed_Login_with_random_user_data_using_Faker_2026-09-28T05-47-19-880Z.png","service":"cucumber-framework","timestamp":"2026-09-28 11:17:19"}
{"level":"info","message":"Browser closed successfully","service":"cucumber-framework","timestamp":"2026-09-28 11:17:20"}
{"level":"info","message":"Launching browser...","service":"cucumber-framework","timestamp":"2026-09-28 11:20:08"}
{"level":"info","message":"Browser launched successfully","service":"cucumber-framework","timestamp":"2026-09-28 11:20:08"}
{"level":"info","message":"Starting scenario: Successful login with valid credentials","service":"cucumber-framework","timestamp":"2026-09-28 11:20:08"}
{"level":"error","message":"Failed to navigate to undefined: page.goto: url: expected string, got undefined","service":"cucumber-framework","timestamp":"2026-09-28 11:20:08"}
{"level":"error","message":"Failed to navigate to login page: page.goto: url: expected string, got undefined","service":"cucumber-framework","timestamp":"2026-09-28 11:20:08"}
{"level":"error","message":"Failed to navigate to login page: page.goto: url: expected string, got undefined","service":"cucumber-framework","timestamp":"2026-09-28 11:20:08"}
{"level":"error","message":"Scenario failed: Successful login with valid credentials","service":"cucumber-framework","timestamp":"2026-09-28 11:20:08"}
{"level":"info","message":"Screenshot saved: ./screenshots/failed_Successful_login_with_valid_credentials_2026-09-28T05-50-08-955Z.png","service":"cucumber-framework","timestamp":"2026-09-28 11:20:09"}
{"level":"info","message":"Starting scenario: Failed login with invalid credentials","service":"cucumber-framework","timestamp":"2026-09-28 11:20:09"}
{"level":"error","message":"Failed to navigate to undefined: page.goto: url: expected string, got undefined","service":"cucumber-framework","timestamp":"2026-09-28 11:20:09"}
{"level":"error","message":"Failed to navigate to login page: page.goto: url: expected string, got undefined","service":"cucumber-framework","timestamp":"2026-09-28 11:20:09"}
{"level":"error","message":"Failed to navigate to login page: page.goto: url: expected string, got undefined","service":"cucumber-framework","timestamp":"2026-09-28 11:20:09"}
{"level":"error","message":"Scenario failed: Failed login with invalid credentials","service":"cucumber-framework","timestamp":"2026-09-28 11:20:09"}
{"level":"info","message":"Screenshot saved: ./screenshots/failed_Failed_login_with_invalid_credentials_2026-09-28T05-50-09-240Z.png","service":"cucumber-framework","timestamp":"2026-09-28 11:20:09"}
{"level":"info","message":"Starting scenario: Login with random user data using Faker","service":"cucumber-framework","timestamp":"2026-09-28 11:20:09"}
{"level":"error","message":"Failed to navigate to undefined: page.goto: url: expected string, got undefined","service":"cucumber-framework","timestamp":"2026-09-28 11:20:09"}
{"level":"error","message":"Failed to navigate to login page: page.goto: url: expected string, got undefined","service":"cucumber-framework","timestamp":"2026-09-28 11:20:09"}
{"level":"error","message":"Failed to navigate to login page: page.goto: url: expected string, got undefined","service":"cucumber-framework","timestamp":"2026-09-28 11:20:09"}
{"level":"error","message":"Scenario failed: Login with random user data using Faker","service":"cucumber-framework","timestamp":"2026-09-28 11:20:09"}
{"level":"info","message":"Screenshot saved: ./screenshots/failed_Login_with_random_user_data_using_Faker_2026-09-28T05-50-09-511Z.png","service":"cucumber-framework","timestamp":"2026-09-28 11:20:09"}
{"level":"info","message":"Browser closed successfully","service":"cucumber-framework","timestamp":"2026-09-28 11:20:09"}
{"level":"info","message":"Launching browser...","service":"cucumber-framework","timestamp":"2026-09-29 17:01:25"}
{"level":"info","message":"Browser launched successfully","service":"cucumber-framework","timestamp":"2026-09-29 17:01:25"}
{"level":"info","message":"Starting scenario: Successful login with valid credentials","service":"cucumber-framework","timestamp":"2026-09-29 17:01:26"}
{"level":"info","message":"Navigated to: undefined","service":"cucumber-framework","timestamp":"2026-09-29 17:01:29"}
{"level":"info","message":"Navigated to login page","service":"cucumber-framework","timestamp":"2026-09-29 17:01:29"}
{"level":"info","message":"Navigated to login page successfully","service":"cucumber-framework","timestamp":"2026-09-29 17:01:29"}
{"level":"info","message":"Filled [type=\"email\"] with: suruthy28.5f34ee483ea1@agentforce.com","service":"cucumber-framework","timestamp":"2026-09-29 17:01:29"}
{"level":"info","message":"Clicked on element: #Login","service":"cucumber-framework","timestamp":"2026-09-29 17:01:31"}
{"level":"info","message":"Filled [name=\"pw\"] with: Rohi@10062022","service":"cucumber-framework","timestamp":"2026-09-29 17:01:31"}
{"level":"error","message":"Scenario failed: Successful login with valid credentials","service":"cucumber-framework","timestamp":"2026-09-29 17:01:34"}
{"level":"info","message":"Screenshot saved: ./screenshots/failed_Successful_login_with_valid_credentials_2026-09-29T11-31-34-725Z.png","service":"cucumber-framework","timestamp":"2026-09-29 17:01:34"}
{"level":"error","message":"Failed to click on form>input: page.click: Target page, context or browser has been closed\nCall log:\n\u001b[2m  - waiting for locator('form>input')\u001b[22m\n\u001b[2m    - locator resolved to 4 elements. Proceeding with the first one: <input value=\"true\" type=\"hidden\" name=\"passwordShown\"/>\u001b[22m\n\u001b[2m  - attempting click action\u001b[22m\n\u001b[2m    2 × waiting for element to be visible, enabled and stable\u001b[22m\n\u001b[2m      - element is not visible\u001b[22m\n\u001b[2m    - retrying click action\u001b[22m\n\u001b[2m    - waiting 20ms\u001b[22m\n\u001b[2m    2 × waiting for element to be visible, enabled and stable\u001b[22m\n\u001b[2m      - element is not visible\u001b[22m\n\u001b[2m    - retrying click action\u001b[22m\n\u001b[2m      - waiting 100ms\u001b[22m\n\u001b[2m    5 × waiting for element to be visible, enabled and stable\u001b[22m\n\u001b[2m      - element is not visible\u001b[22m\n\u001b[2m    - retrying click action\u001b[22m\n\u001b[2m      - waiting 500ms\u001b[22m\n","service":"cucumber-framework","timestamp":"2026-09-29 17:01:34"}
{"level":"error","message":"Login failed: page.click: Target page, context or browser has been closed\nCall log:\n\u001b[2m  - waiting for locator('form>input')\u001b[22m\n\u001b[2m    - locator resolved to 4 elements. Proceeding with the first one: <input value=\"true\" type=\"hidden\" name=\"passwordShown\"/>\u001b[22m\n\u001b[2m  - attempting click action\u001b[22m\n\u001b[2m    2 × waiting for element to be visible, enabled and stable\u001b[22m\n\u001b[2m      - element is not visible\u001b[22m\n\u001b[2m    - retrying click action\u001b[22m\n\u001b[2m    - waiting 20ms\u001b[22m\n\u001b[2m    2 × waiting for element to be visible, enabled and stable\u001b[22m\n\u001b[2m      - element is not visible\u001b[22m\n\u001b[2m    - retrying click action\u001b[22m\n\u001b[2m      - waiting 100ms\u001b[22m\n\u001b[2m    5 × waiting for element to be visible, enabled and stable\u001b[22m\n\u001b[2m      - element is not visible\u001b[22m\n\u001b[2m    - retrying click action\u001b[22m\n\u001b[2m      - waiting 500ms\u001b[22m\n","service":"cucumber-framework","timestamp":"2026-09-29 17:01:34"}
{"level":"error","message":"Failed to enter valid credentials: page.click: Target page, context or browser has been closed\nCall log:\n\u001b[2m  - waiting for locator('form>input')\u001b[22m\n\u001b[2m    - locator resolved to 4 elements. Proceeding with the first one: <input value=\"true\" type=\"hidden\" name=\"passwordShown\"/>\u001b[22m\n\u001b[2m  - attempting click action\u001b[22m\n\u001b[2m    2 × waiting for element to be visible, enabled and stable\u001b[22m\n\u001b[2m      - element is not visible\u001b[22m\n\u001b[2m    - retrying click action\u001b[22m\n\u001b[2m    - waiting 20ms\u001b[22m\n\u001b[2m    2 × waiting for element to be visible, enabled and stable\u001b[22m\n\u001b[2m      - element is not visible\u001b[22m\n\u001b[2m    - retrying click action\u001b[22m\n\u001b[2m      - waiting 100ms\u001b[22m\n\u001b[2m    5 × waiting for element to be visible, enabled and stable\u001b[22m\n\u001b[2m      - element is not visible\u001b[22m\n\u001b[2m    - retrying click action\u001b[22m\n\u001b[2m      - waiting 500ms\u001b[22m\n","service":"cucumber-framework","timestamp":"2026-09-29 17:01:34"}
{"level":"info","message":"Starting scenario: Failed login with invalid credentials","service":"cucumber-framework","timestamp":"2026-09-29 17:01:35"}
{"level":"info","message":"Navigated to: undefined","service":"cucumber-framework","timestamp":"2026-09-29 17:01:35"}
{"level":"info","message":"Navigated to login page","service":"cucumber-framework","timestamp":"2026-09-29 17:01:35"}
{"level":"info","message":"Navigated to login page successfully","service":"cucumber-framework","timestamp":"2026-09-29 17:01:35"}
{"level":"info","message":"Filled [type=\"email\"] with: invalid@example.com","service":"cucumber-framework","timestamp":"2026-09-29 17:01:35"}
{"level":"info","message":"Clicked on element: #Login","service":"cucumber-framework","timestamp":"2026-09-29 17:01:37"}
{"level":"info","message":"Filled [name=\"pw\"] with: WrongPassword","service":"cucumber-framework","timestamp":"2026-09-29 17:01:37"}
{"level":"error","message":"Scenario failed: Failed login with invalid credentials","service":"cucumber-framework","timestamp":"2026-09-29 17:01:40"}
{"level":"info","message":"Screenshot saved: ./screenshots/failed_Failed_login_with_invalid_credentials_2026-09-29T11-31-40-802Z.png","service":"cucumber-framework","timestamp":"2026-09-29 17:01:40"}
{"level":"error","message":"Failed to click on form>input: page.click: Target page, context or browser has been closed\nCall log:\n\u001b[2m  - waiting for locator('form>input')\u001b[22m\n\u001b[2m    - locator resolved to 4 elements. Proceeding with the first one: <input value=\"true\" type=\"hidden\" name=\"passwordShown\"/>\u001b[22m\n\u001b[2m  - attempting click action\u001b[22m\n\u001b[2m    2 × waiting for element to be visible, enabled and stable\u001b[22m\n\u001b[2m      - element is not visible\u001b[22m\n\u001b[2m    - retrying click action\u001b[22m\n\u001b[2m    - waiting 20ms\u001b[22m\n\u001b[2m    2 × waiting for element to be visible, enabled and stable\u001b[22m\n\u001b[2m      - element is not visible\u001b[22m\n\u001b[2m    - retrying click action\u001b[22m\n\u001b[2m      - waiting 100ms\u001b[22m\n\u001b[2m    6 × waiting for element to be visible, enabled and stable\u001b[22m\n\u001b[2m      - element is not visible\u001b[22m\n\u001b[2m    - retrying click action\u001b[22m\n\u001b[2m      - waiting 500ms\u001b[22m\n","service":"cucumber-framework","timestamp":"2026-09-29 17:01:41"}
{"level":"error","message":"Login failed: page.click: Target page, context or browser has been closed\nCall log:\n\u001b[2m  - waiting for locator('form>input')\u001b[22m\n\u001b[2m    - locator resolved to 4 elements. Proceeding with the first one: <input value=\"true\" type=\"hidden\" name=\"passwordShown\"/>\u001b[22m\n\u001b[2m  - attempting click action\u001b[22m\n\u001b[2m    2 × waiting for element to be visible, enabled and stable\u001b[22m\n\u001b[2m      - element is not visible\u001b[22m\n\u001b[2m    - retrying click action\u001b[22m\n\u001b[2m    - waiting 20ms\u001b[22m\n\u001b[2m    2 × waiting for element to be visible, enabled and stable\u001b[22m\n\u001b[2m      - element is not visible\u001b[22m\n\u001b[2m    - retrying click action\u001b[22m\n\u001b[2m      - waiting 100ms\u001b[22m\n\u001b[2m    6 × waiting for element to be visible, enabled and stable\u001b[22m\n\u001b[2m      - element is not visible\u001b[22m\n\u001b[2m    - retrying click action\u001b[22m\n\u001b[2m      - waiting 500ms\u001b[22m\n","service":"cucumber-framework","timestamp":"2026-09-29 17:01:41"}
{"level":"error","message":"Failed to enter invalid credentials: page.click: Target page, context or browser has been closed\nCall log:\n\u001b[2m  - waiting for locator('form>input')\u001b[22m\n\u001b[2m    - locator resolved to 4 elements. Proceeding with the first one: <input value=\"true\" type=\"hidden\" name=\"passwordShown\"/>\u001b[22m\n\u001b[2m  - attempting click action\u001b[22m\n\u001b[2m    2 × waiting for element to be visible, enabled and stable\u001b[22m\n\u001b[2m      - element is not visible\u001b[22m\n\u001b[2m    - retrying click action\u001b[22m\n\u001b[2m    - waiting 20ms\u001b[22m\n\u001b[2m    2 × waiting for element to be visible, enabled and stable\u001b[22m\n\u001b[2m      - element is not visible\u001b[22m\n\u001b[2m    - retrying click action\u001b[22m\n\u001b[2m      - waiting 100ms\u001b[22m\n\u001b[2m    6 × waiting for element to be visible, enabled and stable\u001b[22m\n\u001b[2m      - element is not visible\u001b[22m\n\u001b[2m    - retrying click action\u001b[22m\n\u001b[2m      - waiting 500ms\u001b[22m\n","service":"cucumber-framework","timestamp":"2026-09-29 17:01:41"}
{"level":"info","message":"Starting scenario: Login with random user data using Faker","service":"cucumber-framework","timestamp":"2026-09-29 17:01:41"}
{"level":"info","message":"Navigated to: undefined","service":"cucumber-framework","timestamp":"2026-09-29 17:01:41"}
{"level":"info","message":"Navigated to login page","service":"cucumber-framework","timestamp":"2026-09-29 17:01:41"}
{"level":"info","message":"Navigated to login page successfully","service":"cucumber-framework","timestamp":"2026-09-29 17:01:41"}
{"level":"info","message":"Scenario passed: Login with random user data using Faker","service":"cucumber-framework","timestamp":"2026-09-29 17:01:41"}
{"level":"info","message":"Browser closed successfully","service":"cucumber-framework","timestamp":"2026-09-29 17:01:41"}
{"level":"info","message":"Launching browser...","service":"cucumber-framework","timestamp":"2026-09-29 17:11:17"}
{"level":"info","message":"Browser launched successfully","service":"cucumber-framework","timestamp":"2026-09-29 17:11:18"}
{"level":"info","message":"Starting scenario: Successful login with valid credentials","service":"cucumber-framework","timestamp":"2026-09-29 17:11:18"}
{"level":"info","message":"Navigated to: undefined","service":"cucumber-framework","timestamp":"2026-09-29 17:11:21"}
{"level":"info","message":"Navigated to login page","service":"cucumber-framework","timestamp":"2026-09-29 17:11:21"}
{"level":"info","message":"Navigated to login page successfully","service":"cucumber-framework","timestamp":"2026-09-29 17:11:21"}
{"level":"info","message":"Filled [type=\"email\"] with: suruthy28.5f34ee483ea1@agentforce.com","service":"cucumber-framework","timestamp":"2026-09-29 17:11:21"}
{"level":"info","message":"Clicked on element: #Login","service":"cucumber-framework","timestamp":"2026-09-29 17:11:23"}
{"level":"info","message":"Filled [name=\"pw\"] with: Rohi@10062022","service":"cucumber-framework","timestamp":"2026-09-29 17:11:23"}
{"level":"error","message":"Scenario failed: Successful login with valid credentials","service":"cucumber-framework","timestamp":"2026-09-29 17:11:26"}
{"level":"info","message":"Screenshot saved: ./screenshots/failed_Successful_login_with_valid_credentials_2026-09-29T11-41-26-640Z.png","service":"cucumber-framework","timestamp":"2026-09-29 17:11:26"}
{"level":"error","message":"Failed to click on form>input: page.click: Target page, context or browser has been closed\nCall log:\n\u001b[2m  - waiting for locator('form>input')\u001b[22m\n\u001b[2m    - locator resolved to 4 elements. Proceeding with the first one: <input value=\"true\" type=\"hidden\" name=\"passwordShown\"/>\u001b[22m\n\u001b[2m  - attempting click action\u001b[22m\n\u001b[2m    2 × waiting for element to be visible, enabled and stable\u001b[22m\n\u001b[2m      - element is not visible\u001b[22m\n\u001b[2m    - retrying click action\u001b[22m\n\u001b[2m    - waiting 20ms\u001b[22m\n\u001b[2m    2 × waiting for element to be visible, enabled and stable\u001b[22m\n\u001b[2m      - element is not visible\u001b[22m\n\u001b[2m    - retrying click action\u001b[22m\n\u001b[2m      - waiting 100ms\u001b[22m\n\u001b[2m    5 × waiting for element to be visible, enabled and stable\u001b[22m\n\u001b[2m      - element is not visible\u001b[22m\n\u001b[2m    - retrying click action\u001b[22m\n\u001b[2m      - waiting 500ms\u001b[22m\n","service":"cucumber-framework","timestamp":"2026-09-29 17:11:26"}
{"level":"error","message":"Login failed: page.click: Target page, context or browser has been closed\nCall log:\n\u001b[2m  - waiting for locator('form>input')\u001b[22m\n\u001b[2m    - locator resolved to 4 elements. Proceeding with the first one: <input value=\"true\" type=\"hidden\" name=\"passwordShown\"/>\u001b[22m\n\u001b[2m  - attempting click action\u001b[22m\n\u001b[2m    2 × waiting for element to be visible, enabled and stable\u001b[22m\n\u001b[2m      - element is not visible\u001b[22m\n\u001b[2m    - retrying click action\u001b[22m\n\u001b[2m    - waiting 20ms\u001b[22m\n\u001b[2m    2 × waiting for element to be visible, enabled and stable\u001b[22m\n\u001b[2m      - element is not visible\u001b[22m\n\u001b[2m    - retrying click action\u001b[22m\n\u001b[2m      - waiting 100ms\u001b[22m\n\u001b[2m    5 × waiting for element to be visible, enabled and stable\u001b[22m\n\u001b[2m      - element is not visible\u001b[22m\n\u001b[2m    - retrying click action\u001b[22m\n\u001b[2m      - waiting 500ms\u001b[22m\n","service":"cucumber-framework","timestamp":"2026-09-29 17:11:26"}
{"level":"error","message":"Failed to enter valid credentials: page.click: Target page, context or browser has been closed\nCall log:\n\u001b[2m  - waiting for locator('form>input')\u001b[22m\n\u001b[2m    - locator resolved to 4 elements. Proceeding with the first one: <input value=\"true\" type=\"hidden\" name=\"passwordShown\"/>\u001b[22m\n\u001b[2m  - attempting click action\u001b[22m\n\u001b[2m    2 × waiting for element to be visible, enabled and stable\u001b[22m\n\u001b[2m      - element is not visible\u001b[22m\n\u001b[2m    - retrying click action\u001b[22m\n\u001b[2m    - waiting 20ms\u001b[22m\n\u001b[2m    2 × waiting for element to be visible, enabled and stable\u001b[22m\n\u001b[2m      - element is not visible\u001b[22m\n\u001b[2m    - retrying click action\u001b[22m\n\u001b[2m      - waiting 100ms\u001b[22m\n\u001b[2m    5 × waiting for element to be visible, enabled and stable\u001b[22m\n\u001b[2m      - element is not visible\u001b[22m\n\u001b[2m    - retrying click action\u001b[22m\n\u001b[2m      - waiting 500ms\u001b[22m\n","service":"cucumber-framework","timestamp":"2026-09-29 17:11:26"}
{"level":"info","message":"Starting scenario: Failed login with invalid credentials","service":"cucumber-framework","timestamp":"2026-09-29 17:11:26"}
{"level":"info","message":"Navigated to: undefined","service":"cucumber-framework","timestamp":"2026-09-29 17:11:27"}
{"level":"info","message":"Navigated to login page","service":"cucumber-framework","timestamp":"2026-09-29 17:11:27"}
{"level":"info","message":"Navigated to login page successfully","service":"cucumber-framework","timestamp":"2026-09-29 17:11:27"}
{"level":"info","message":"Filled [type=\"email\"] with: invalid@example.com","service":"cucumber-framework","timestamp":"2026-09-29 17:11:27"}
{"level":"info","message":"Clicked on element: #Login","service":"cucumber-framework","timestamp":"2026-09-29 17:11:29"}
{"level":"info","message":"Filled [name=\"pw\"] with: WrongPassword","service":"cucumber-framework","timestamp":"2026-09-29 17:11:29"}
{"level":"error","message":"Scenario failed: Failed login with invalid credentials","service":"cucumber-framework","timestamp":"2026-09-29 17:11:32"}
{"level":"info","message":"Screenshot saved: ./screenshots/failed_Failed_login_with_invalid_credentials_2026-09-29T11-41-32-405Z.png","service":"cucumber-framework","timestamp":"2026-09-29 17:11:32"}
{"level":"error","message":"Failed to click on form>input: page.click: Target page, context or browser has been closed\nCall log:\n\u001b[2m  - waiting for locator('form>input')\u001b[22m\n\u001b[2m    - locator resolved to 4 elements. Proceeding with the first one: <input value=\"true\" type=\"hidden\" name=\"passwordShown\"/>\u001b[22m\n\u001b[2m  - attempting click action\u001b[22m\n\u001b[2m    2 × waiting for element to be visible, enabled and stable\u001b[22m\n\u001b[2m      - element is not visible\u001b[22m\n\u001b[2m    - retrying click action\u001b[22m\n\u001b[2m    - waiting 20ms\u001b[22m\n\u001b[2m    2 × waiting for element to be visible, enabled and stable\u001b[22m\n\u001b[2m      - element is not visible\u001b[22m\n\u001b[2m    - retrying click action\u001b[22m\n\u001b[2m      - waiting 100ms\u001b[22m\n\u001b[2m    6 × waiting for element to be visible, enabled and stable\u001b[22m\n\u001b[2m      - element is not visible\u001b[22m\n\u001b[2m    - retrying click action\u001b[22m\n\u001b[2m      - waiting 500ms\u001b[22m\n","service":"cucumber-framework","timestamp":"2026-09-29 17:11:32"}
{"level":"error","message":"Login failed: page.click: Target page, context or browser has been closed\nCall log:\n\u001b[2m  - waiting for locator('form>input')\u001b[22m\n\u001b[2m    - locator resolved to 4 elements. Proceeding with the first one: <input value=\"true\" type=\"hidden\" name=\"passwordShown\"/>\u001b[22m\n\u001b[2m  - attempting click action\u001b[22m\n\u001b[2m    2 × waiting for element to be visible, enabled and stable\u001b[22m\n\u001b[2m      - element is not visible\u001b[22m\n\u001b[2m    - retrying click action\u001b[22m\n\u001b[2m    - waiting 20ms\u001b[22m\n\u001b[2m    2 × waiting for element to be visible, enabled and stable\u001b[22m\n\u001b[2m      - element is not visible\u001b[22m\n\u001b[2m    - retrying click action\u001b[22m\n\u001b[2m      - waiting 100ms\u001b[22m\n\u001b[2m    6 × waiting for element to be visible, enabled and stable\u001b[22m\n\u001b[2m      - element is not visible\u001b[22m\n\u001b[2m    - retrying click action\u001b[22m\n\u001b[2m      - waiting 500ms\u001b[22m\n","service":"cucumber-framework","timestamp":"2026-09-29 17:11:32"}
{"level":"error","message":"Failed to enter invalid credentials: page.click: Target page, context or browser has been closed\nCall log:\n\u001b[2m  - waiting for locator('form>input')\u001b[22m\n\u001b[2m    - locator resolved to 4 elements. Proceeding with the first one: <input value=\"true\" type=\"hidden\" name=\"passwordShown\"/>\u001b[22m\n\u001b[2m  - attempting click action\u001b[22m\n\u001b[2m    2 × waiting for element to be visible, enabled and stable\u001b[22m\n\u001b[2m      - element is not visible\u001b[22m\n\u001b[2m    - retrying click action\u001b[22m\n\u001b[2m    - waiting 20ms\u001b[22m\n\u001b[2m    2 × waiting for element to be visible, enabled and stable\u001b[22m\n\u001b[2m      - element is not visible\u001b[22m\n\u001b[2m    - retrying click action\u001b[22m\n\u001b[2m      - waiting 100ms\u001b[22m\n\u001b[2m    6 × waiting for element to be visible, enabled and stable\u001b[22m\n\u001b[2m      - element is not visible\u001b[22m\n\u001b[2m    - retrying click action\u001b[22m\n\u001b[2m      - waiting 500ms\u001b[22m\n","service":"cucumber-framework","timestamp":"2026-09-29 17:11:32"}
{"level":"info","message":"Starting scenario: Login with random user data using Faker","service":"cucumber-framework","timestamp":"2026-09-29 17:11:32"}
{"level":"info","message":"Navigated to: undefined","service":"cucumber-framework","timestamp":"2026-09-29 17:11:33"}
{"level":"info","message":"Navigated to login page","service":"cucumber-framework","timestamp":"2026-09-29 17:11:33"}
{"level":"info","message":"Navigated to login page successfully","service":"cucumber-framework","timestamp":"2026-09-29 17:11:33"}
{"level":"info","message":"Scenario passed: Login with random user data using Faker","service":"cucumber-framework","timestamp":"2026-09-29 17:11:33"}
{"level":"info","message":"Browser closed successfully","service":"cucumber-framework","timestamp":"2026-09-29 17:11:33"}
{"level":"info","message":"Launching browser...","service":"cucumber-framework","timestamp":"2026-09-29 17:12:45"}
{"level":"info","message":"Browser launched successfully","service":"cucumber-framework","timestamp":"2026-09-29 17:12:46"}
{"level":"info","message":"Starting scenario: Successful login with valid credentials","service":"cucumber-framework","timestamp":"2026-09-29 17:12:46"}
{"level":"info","message":"Navigated to: undefined","service":"cucumber-framework","timestamp":"2026-09-29 17:12:47"}
{"level":"info","message":"Navigated to login page","service":"cucumber-framework","timestamp":"2026-09-29 17:12:47"}
{"level":"info","message":"Navigated to login page successfully","service":"cucumber-framework","timestamp":"2026-09-29 17:12:47"}
{"level":"info","message":"Filled [type=\"email\"] with: suruthy28.5f34ee483ea1@agentforce.com","service":"cucumber-framework","timestamp":"2026-09-29 17:12:47"}
{"level":"info","message":"Clicked on element: #Login","service":"cucumber-framework","timestamp":"2026-09-29 17:12:49"}
{"level":"info","message":"Filled [name=\"pw\"] with: Rohi@10062022","service":"cucumber-framework","timestamp":"2026-09-29 17:12:49"}
{"level":"error","message":"Scenario failed: Successful login with valid credentials","service":"cucumber-framework","timestamp":"2026-09-29 17:12:52"}
{"level":"info","message":"Screenshot saved: ./screenshots/failed_Successful_login_with_valid_credentials_2026-09-29T11-42-52-370Z.png","service":"cucumber-framework","timestamp":"2026-09-29 17:12:52"}
{"level":"error","message":"Failed to click on form>input: page.click: Target page, context or browser has been closed\nCall log:\n\u001b[2m  - waiting for locator('form>input')\u001b[22m\n\u001b[2m    - locator resolved to 4 elements. Proceeding with the first one: <input value=\"true\" type=\"hidden\" name=\"passwordShown\"/>\u001b[22m\n\u001b[2m  - attempting click action\u001b[22m\n\u001b[2m    2 × waiting for element to be visible, enabled and stable\u001b[22m\n\u001b[2m      - element is not visible\u001b[22m\n\u001b[2m    - retrying click action\u001b[22m\n\u001b[2m    - waiting 20ms\u001b[22m\n\u001b[2m    2 × waiting for element to be visible, enabled and stable\u001b[22m\n\u001b[2m      - element is not visible\u001b[22m\n\u001b[2m    - retrying click action\u001b[22m\n\u001b[2m      - waiting 100ms\u001b[22m\n\u001b[2m    5 × waiting for element to be visible, enabled and stable\u001b[22m\n\u001b[2m      - element is not visible\u001b[22m\n\u001b[2m    - retrying click action\u001b[22m\n\u001b[2m      - waiting 500ms\u001b[22m\n","service":"cucumber-framework","timestamp":"2026-09-29 17:12:52"}
{"level":"error","message":"Login failed: page.click: Target page, context or browser has been closed\nCall log:\n\u001b[2m  - waiting for locator('form>input')\u001b[22m\n\u001b[2m    - locator resolved to 4 elements. Proceeding with the first one: <input value=\"true\" type=\"hidden\" name=\"passwordShown\"/>\u001b[22m\n\u001b[2m  - attempting click action\u001b[22m\n\u001b[2m    2 × waiting for element to be visible, enabled and stable\u001b[22m\n\u001b[2m      - element is not visible\u001b[22m\n\u001b[2m    - retrying click action\u001b[22m\n\u001b[2m    - waiting 20ms\u001b[22m\n\u001b[2m    2 × waiting for element to be visible, enabled and stable\u001b[22m\n\u001b[2m      - element is not visible\u001b[22m\n\u001b[2m    - retrying click action\u001b[22m\n\u001b[2m      - waiting 100ms\u001b[22m\n\u001b[2m    5 × waiting for element to be visible, enabled and stable\u001b[22m\n\u001b[2m      - element is not visible\u001b[22m\n\u001b[2m    - retrying click action\u001b[22m\n\u001b[2m      - waiting 500ms\u001b[22m\n","service":"cucumber-framework","timestamp":"2026-09-29 17:12:52"}
{"level":"error","message":"Failed to enter valid credentials: page.click: Target page, context or browser has been closed\nCall log:\n\u001b[2m  - waiting for locator('form>input')\u001b[22m\n\u001b[2m    - locator resolved to 4 elements. Proceeding with the first one: <input value=\"true\" type=\"hidden\" name=\"passwordShown\"/>\u001b[22m\n\u001b[2m  - attempting click action\u001b[22m\n\u001b[2m    2 × waiting for element to be visible, enabled and stable\u001b[22m\n\u001b[2m      - element is not visible\u001b[22m\n\u001b[2m    - retrying click action\u001b[22m\n\u001b[2m    - waiting 20ms\u001b[22m\n\u001b[2m    2 × waiting for element to be visible, enabled and stable\u001b[22m\n\u001b[2m      - element is not visible\u001b[22m\n\u001b[2m    - retrying click action\u001b[22m\n\u001b[2m      - waiting 100ms\u001b[22m\n\u001b[2m    5 × waiting for element to be visible, enabled and stable\u001b[22m\n\u001b[2m      - element is not visible\u001b[22m\n\u001b[2m    - retrying click action\u001b[22m\n\u001b[2m      - waiting 500ms\u001b[22m\n","service":"cucumber-framework","timestamp":"2026-09-29 17:12:52"}
{"level":"info","message":"Starting scenario: Failed login with invalid credentials","service":"cucumber-framework","timestamp":"2026-09-29 17:12:52"}
{"level":"info","message":"Navigated to: undefined","service":"cucumber-framework","timestamp":"2026-09-29 17:12:53"}
{"level":"info","message":"Navigated to login page","service":"cucumber-framework","timestamp":"2026-09-29 17:12:53"}
{"level":"info","message":"Navigated to login page successfully","service":"cucumber-framework","timestamp":"2026-09-29 17:12:53"}
{"level":"info","message":"Filled [type=\"email\"] with: invalid@example.com","service":"cucumber-framework","timestamp":"2026-09-29 17:12:53"}
{"level":"info","message":"Clicked on element: #Login","service":"cucumber-framework","timestamp":"2026-09-29 17:12:55"}
{"level":"info","message":"Filled [name=\"pw\"] with: WrongPassword","service":"cucumber-framework","timestamp":"2026-09-29 17:12:55"}
{"level":"error","message":"Scenario failed: Failed login with invalid credentials","service":"cucumber-framework","timestamp":"2026-09-29 17:12:58"}
{"level":"info","message":"Screenshot saved: ./screenshots/failed_Failed_login_with_invalid_credentials_2026-09-29T11-42-58-187Z.png","service":"cucumber-framework","timestamp":"2026-09-29 17:12:58"}
{"level":"error","message":"Failed to click on form>input: page.click: Target page, context or browser has been closed\nCall log:\n\u001b[2m  - waiting for locator('form>input')\u001b[22m\n\u001b[2m    - locator resolved to 4 elements. Proceeding with the first one: <input value=\"true\" type=\"hidden\" name=\"passwordShown\"/>\u001b[22m\n\u001b[2m  - attempting click action\u001b[22m\n\u001b[2m    2 × waiting for element to be visible, enabled and stable\u001b[22m\n\u001b[2m      - element is not visible\u001b[22m\n\u001b[2m    - retrying click action\u001b[22m\n\u001b[2m    - waiting 20ms\u001b[22m\n\u001b[2m    2 × waiting for element to be visible, enabled and stable\u001b[22m\n\u001b[2m      - element is not visible\u001b[22m\n\u001b[2m    - retrying click action\u001b[22m\n\u001b[2m      - waiting 100ms\u001b[22m\n\u001b[2m    5 × waiting for element to be visible, enabled and stable\u001b[22m\n\u001b[2m      - element is not visible\u001b[22m\n\u001b[2m    - retrying click action\u001b[22m\n\u001b[2m      - waiting 500ms\u001b[22m\n\u001b[2m    - waiting for element to be visible, enabled and stable\u001b[22m\n","service":"cucumber-framework","timestamp":"2026-09-29 17:12:58"}
{"level":"error","message":"Login failed: page.click: Target page, context or browser has been closed\nCall log:\n\u001b[2m  - waiting for locator('form>input')\u001b[22m\n\u001b[2m    - locator resolved to 4 elements. Proceeding with the first one: <input value=\"true\" type=\"hidden\" name=\"passwordShown\"/>\u001b[22m\n\u001b[2m  - attempting click action\u001b[22m\n\u001b[2m    2 × waiting for element to be visible, enabled and stable\u001b[22m\n\u001b[2m      - element is not visible\u001b[22m\n\u001b[2m    - retrying click action\u001b[22m\n\u001b[2m    - waiting 20ms\u001b[22m\n\u001b[2m    2 × waiting for element to be visible, enabled and stable\u001b[22m\n\u001b[2m      - element is not visible\u001b[22m\n\u001b[2m    - retrying click action\u001b[22m\n\u001b[2m      - waiting 100ms\u001b[22m\n\u001b[2m    5 × waiting for element to be visible, enabled and stable\u001b[22m\n\u001b[2m      - element is not visible\u001b[22m\n\u001b[2m    - retrying click action\u001b[22m\n\u001b[2m      - waiting 500ms\u001b[22m\n\u001b[2m    - waiting for element to be visible, enabled and stable\u001b[22m\n","service":"cucumber-framework","timestamp":"2026-09-29 17:12:58"}
{"level":"error","message":"Failed to enter invalid credentials: page.click: Target page, context or browser has been closed\nCall log:\n\u001b[2m  - waiting for locator('form>input')\u001b[22m\n\u001b[2m    - locator resolved to 4 elements. Proceeding with the first one: <input value=\"true\" type=\"hidden\" name=\"passwordShown\"/>\u001b[22m\n\u001b[2m  - attempting click action\u001b[22m\n\u001b[2m    2 × waiting for element to be visible, enabled and stable\u001b[22m\n\u001b[2m      - element is not visible\u001b[22m\n\u001b[2m    - retrying click action\u001b[22m\n\u001b[2m    - waiting 20ms\u001b[22m\n\u001b[2m    2 × waiting for element to be visible, enabled and stable\u001b[22m\n\u001b[2m      - element is not visible\u001b[22m\n\u001b[2m    - retrying click action\u001b[22m\n\u001b[2m      - waiting 100ms\u001b[22m\n\u001b[2m    5 × waiting for element to be visible, enabled and stable\u001b[22m\n\u001b[2m      - element is not visible\u001b[22m\n\u001b[2m    - retrying click action\u001b[22m\n\u001b[2m      - waiting 500ms\u001b[22m\n\u001b[2m    - waiting for element to be visible, enabled and stable\u001b[22m\n","service":"cucumber-framework","timestamp":"2026-09-29 17:12:58"}
{"level":"info","message":"Starting scenario: Login with random user data using Faker","service":"cucumber-framework","timestamp":"2026-09-29 17:12:58"}
{"level":"info","message":"Navigated to: undefined","service":"cucumber-framework","timestamp":"2026-09-29 17:12:59"}
{"level":"info","message":"Navigated to login page","service":"cucumber-framework","timestamp":"2026-09-29 17:12:59"}
{"level":"info","message":"Navigated to login page successfully","service":"cucumber-framework","timestamp":"2026-09-29 17:12:59"}
{"level":"info","message":"Scenario passed: Login with random user data using Faker","service":"cucumber-framework","timestamp":"2026-09-29 17:12:59"}
{"level":"info","message":"Browser closed successfully","service":"cucumber-framework","timestamp":"2026-09-29 17:12:59"}
{"level":"info","message":"Launching browser...","service":"cucumber-framework","timestamp":"2026-09-29 17:17:10"}
{"level":"info","message":"Browser launched successfully","service":"cucumber-framework","timestamp":"2026-09-29 17:17:11"}
{"level":"info","message":"Starting scenario: Successful login with valid credentials","service":"cucumber-framework","timestamp":"2026-09-29 17:17:12"}
{"level":"info","message":"Navigated to: undefined","service":"cucumber-framework","timestamp":"2026-09-29 17:17:13"}
{"level":"info","message":"Navigated to login page","service":"cucumber-framework","timestamp":"2026-09-29 17:17:13"}
{"level":"info","message":"Navigated to login page successfully","service":"cucumber-framework","timestamp":"2026-09-29 17:17:13"}
{"level":"info","message":"Filled [type=\"email\"] with: suruthy28.5f34ee483ea1@agentforce.com","service":"cucumber-framework","timestamp":"2026-09-29 17:17:14"}
{"level":"info","message":"Clicked on element: #Login","service":"cucumber-framework","timestamp":"2026-09-29 17:17:16"}
{"level":"info","message":"Filled [name=\"pw\"] with: Rohi@10062022","service":"cucumber-framework","timestamp":"2026-09-29 17:17:16"}
{"level":"error","message":"Scenario failed: Successful login with valid credentials","service":"cucumber-framework","timestamp":"2026-09-29 17:17:18"}
{"level":"info","message":"Screenshot saved: ./screenshots/failed_Successful_login_with_valid_credentials_2026-09-29T11-47-18-751Z.png","service":"cucumber-framework","timestamp":"2026-09-29 17:17:20"}
{"level":"error","message":"Failed to click on form>input: page.click: Target page, context or browser has been closed\nCall log:\n\u001b[2m  - waiting for locator('form>input')\u001b[22m\n\u001b[2m    - locator resolved to 4 elements. Proceeding with the first one: <input value=\"true\" type=\"hidden\" name=\"passwordShown\"/>\u001b[22m\n\u001b[2m  - attempting click action\u001b[22m\n\u001b[2m    2 × waiting for element to be visible, enabled and stable\u001b[22m\n\u001b[2m      - element is not visible\u001b[22m\n\u001b[2m    - retrying click action\u001b[22m\n\u001b[2m    - waiting 20ms\u001b[22m\n\u001b[2m    2 × waiting for element to be visible, enabled and stable\u001b[22m\n\u001b[2m      - element is not visible\u001b[22m\n\u001b[2m    - retrying click action\u001b[22m\n\u001b[2m      - waiting 100ms\u001b[22m\n\u001b[2m    7 × waiting for element to be visible, enabled and stable\u001b[22m\n\u001b[2m      - element is not visible\u001b[22m\n\u001b[2m    - retrying click action\u001b[22m\n\u001b[2m      - waiting 500ms\u001b[22m\n","service":"cucumber-framework","timestamp":"2026-09-29 17:17:20"}
{"level":"error","message":"Login failed: page.click: Target page, context or browser has been closed\nCall log:\n\u001b[2m  - waiting for locator('form>input')\u001b[22m\n\u001b[2m    - locator resolved to 4 elements. Proceeding with the first one: <input value=\"true\" type=\"hidden\" name=\"passwordShown\"/>\u001b[22m\n\u001b[2m  - attempting click action\u001b[22m\n\u001b[2m    2 × waiting for element to be visible, enabled and stable\u001b[22m\n\u001b[2m      - element is not visible\u001b[22m\n\u001b[2m    - retrying click action\u001b[22m\n\u001b[2m    - waiting 20ms\u001b[22m\n\u001b[2m    2 × waiting for element to be visible, enabled and stable\u001b[22m\n\u001b[2m      - element is not visible\u001b[22m\n\u001b[2m    - retrying click action\u001b[22m\n\u001b[2m      - waiting 100ms\u001b[22m\n\u001b[2m    7 × waiting for element to be visible, enabled and stable\u001b[22m\n\u001b[2m      - element is not visible\u001b[22m\n\u001b[2m    - retrying click action\u001b[22m\n\u001b[2m      - waiting 500ms\u001b[22m\n","service":"cucumber-framework","timestamp":"2026-09-29 17:17:20"}
{"level":"error","message":"Failed to enter valid credentials: page.click: Target page, context or browser has been closed\nCall log:\n\u001b[2m  - waiting for locator('form>input')\u001b[22m\n\u001b[2m    - locator resolved to 4 elements. Proceeding with the first one: <input value=\"true\" type=\"hidden\" name=\"passwordShown\"/>\u001b[22m\n\u001b[2m  - attempting click action\u001b[22m\n\u001b[2m    2 × waiting for element to be visible, enabled and stable\u001b[22m\n\u001b[2m      - element is not visible\u001b[22m\n\u001b[2m    - retrying click action\u001b[22m\n\u001b[2m    - waiting 20ms\u001b[22m\n\u001b[2m    2 × waiting for element to be visible, enabled and stable\u001b[22m\n\u001b[2m      - element is not visible\u001b[22m\n\u001b[2m    - retrying click action\u001b[22m\n\u001b[2m      - waiting 100ms\u001b[22m\n\u001b[2m    7 × waiting for element to be visible, enabled and stable\u001b[22m\n\u001b[2m      - element is not visible\u001b[22m\n\u001b[2m    - retrying click action\u001b[22m\n\u001b[2m      - waiting 500ms\u001b[22m\n","service":"cucumber-framework","timestamp":"2026-09-29 17:17:20"}
{"level":"info","message":"Starting scenario: Failed login with invalid credentials","service":"cucumber-framework","timestamp":"2026-09-29 17:17:21"}
{"level":"info","message":"Navigated to: undefined","service":"cucumber-framework","timestamp":"2026-09-29 17:17:21"}
{"level":"info","message":"Navigated to login page","service":"cucumber-framework","timestamp":"2026-09-29 17:17:21"}
{"level":"info","message":"Navigated to login page successfully","service":"cucumber-framework","timestamp":"2026-09-29 17:17:21"}
{"level":"info","message":"Filled [type=\"email\"] with: invalid@example.com","service":"cucumber-framework","timestamp":"2026-09-29 17:17:22"}
{"level":"info","message":"Clicked on element: #Login","service":"cucumber-framework","timestamp":"2026-09-29 17:17:24"}
{"level":"info","message":"Filled [name=\"pw\"] with: WrongPassword","service":"cucumber-framework","timestamp":"2026-09-29 17:17:24"}
{"level":"error","message":"Scenario failed: Failed login with invalid credentials","service":"cucumber-framework","timestamp":"2026-09-29 17:17:27"}
{"level":"info","message":"Screenshot saved: ./screenshots/failed_Failed_login_with_invalid_credentials_2026-09-29T11-47-27-020Z.png","service":"cucumber-framework","timestamp":"2026-09-29 17:17:27"}
{"level":"error","message":"Failed to click on form>input: page.click: Target page, context or browser has been closed\nCall log:\n\u001b[2m  - waiting for locator('form>input')\u001b[22m\n\u001b[2m    - locator resolved to 4 elements. Proceeding with the first one: <input value=\"true\" type=\"hidden\" name=\"passwordShown\"/>\u001b[22m\n\u001b[2m  - attempting click action\u001b[22m\n\u001b[2m    2 × waiting for element to be visible, enabled and stable\u001b[22m\n\u001b[2m      - element is not visible\u001b[22m\n\u001b[2m    - retrying click action\u001b[22m\n\u001b[2m    - waiting 20ms\u001b[22m\n\u001b[2m    2 × waiting for element to be visible, enabled and stable\u001b[22m\n\u001b[2m      - element is not visible\u001b[22m\n\u001b[2m    - retrying click action\u001b[22m\n\u001b[2m      - waiting 100ms\u001b[22m\n\u001b[2m    5 × waiting for element to be visible, enabled and stable\u001b[22m\n\u001b[2m      - element is not visible\u001b[22m\n\u001b[2m    - retrying click action\u001b[22m\n\u001b[2m      - waiting 500ms\u001b[22m\n","service":"cucumber-framework","timestamp":"2026-09-29 17:17:27"}
{"level":"error","message":"Login failed: page.click: Target page, context or browser has been closed\nCall log:\n\u001b[2m  - waiting for locator('form>input')\u001b[22m\n\u001b[2m    - locator resolved to 4 elements. Proceeding with the first one: <input value=\"true\" type=\"hidden\" name=\"passwordShown\"/>\u001b[22m\n\u001b[2m  - attempting click action\u001b[22m\n\u001b[2m    2 × waiting for element to be visible, enabled and stable\u001b[22m\n\u001b[2m      - element is not visible\u001b[22m\n\u001b[2m    - retrying click action\u001b[22m\n\u001b[2m    - waiting 20ms\u001b[22m\n\u001b[2m    2 × waiting for element to be visible, enabled and stable\u001b[22m\n\u001b[2m      - element is not visible\u001b[22m\n\u001b[2m    - retrying click action\u001b[22m\n\u001b[2m      - waiting 100ms\u001b[22m\n\u001b[2m    5 × waiting for element to be visible, enabled and stable\u001b[22m\n\u001b[2m      - element is not visible\u001b[22m\n\u001b[2m    - retrying click action\u001b[22m\n\u001b[2m      - waiting 500ms\u001b[22m\n","service":"cucumber-framework","timestamp":"2026-09-29 17:17:27"}
{"level":"error","message":"Failed to enter invalid credentials: page.click: Target page, context or browser has been closed\nCall log:\n\u001b[2m  - waiting for locator('form>input')\u001b[22m\n\u001b[2m    - locator resolved to 4 elements. Proceeding with the first one: <input value=\"true\" type=\"hidden\" name=\"passwordShown\"/>\u001b[22m\n\u001b[2m  - attempting click action\u001b[22m\n\u001b[2m    2 × waiting for element to be visible, enabled and stable\u001b[22m\n\u001b[2m      - element is not visible\u001b[22m\n\u001b[2m    - retrying click action\u001b[22m\n\u001b[2m    - waiting 20ms\u001b[22m\n\u001b[2m    2 × waiting for element to be visible, enabled and stable\u001b[22m\n\u001b[2m      - element is not visible\u001b[22m\n\u001b[2m    - retrying click action\u001b[22m\n\u001b[2m      - waiting 100ms\u001b[22m\n\u001b[2m    5 × waiting for element to be visible, enabled and stable\u001b[22m\n\u001b[2m      - element is not visible\u001b[22m\n\u001b[2m    - retrying click action\u001b[22m\n\u001b[2m      - waiting 500ms\u001b[22m\n","service":"cucumber-framework","timestamp":"2026-09-29 17:17:27"}
{"level":"info","message":"Starting scenario: Login with random user data using Faker","service":"cucumber-framework","timestamp":"2026-09-29 17:17:28"}
{"level":"info","message":"Navigated to: undefined","service":"cucumber-framework","timestamp":"2026-09-29 17:17:29"}
{"level":"info","message":"Navigated to login page","service":"cucumber-framework","timestamp":"2026-09-29 17:17:29"}
{"level":"info","message":"Navigated to login page successfully","service":"cucumber-framework","timestamp":"2026-09-29 17:17:29"}
{"level":"info","message":"Scenario passed: Login with random user data using Faker","service":"cucumber-framework","timestamp":"2026-09-29 17:17:29"}
{"level":"info","message":"Browser closed successfully","service":"cucumber-framework","timestamp":"2026-09-29 17:17:30"}
{"level":"info","message":"Launching browser...","service":"cucumber-framework","timestamp":"2026-09-29 17:28:29"}
{"level":"info","message":"Browser launched successfully","service":"cucumber-framework","timestamp":"2026-09-29 17:28:30"}
{"level":"info","message":"Starting scenario: Successful login with valid credentials","service":"cucumber-framework","timestamp":"2026-09-29 17:28:31"}
{"level":"info","message":"Navigated to: undefined","service":"cucumber-framework","timestamp":"2026-09-29 17:28:31"}
{"level":"info","message":"Navigated to login page","service":"cucumber-framework","timestamp":"2026-09-29 17:28:31"}
{"level":"info","message":"Navigated to login page successfully","service":"cucumber-framework","timestamp":"2026-09-29 17:28:31"}
{"level":"info","message":"Filled [type=\"email\"] with: suruthy28.5f34ee483ea1@agentforce.com","service":"cucumber-framework","timestamp":"2026-09-29 17:28:32"}
{"level":"info","message":"Clicked on element: #Login","service":"cucumber-framework","timestamp":"2026-09-29 17:28:34"}
{"level":"info","message":"Filled [name=\"pw\"] with: Rohi@10062022","service":"cucumber-framework","timestamp":"2026-09-29 17:28:34"}
{"level":"info","message":"Clicked on element: //input[@id=\"Login\"]","service":"cucumber-framework","timestamp":"2026-09-29 17:28:36"}
{"level":"info","message":"Logged in with username: suruthy28.5f34ee483ea1@agentforce.com","service":"cucumber-framework","timestamp":"2026-09-29 17:28:36"}
{"level":"info","message":"Entered valid credentials","service":"cucumber-framework","timestamp":"2026-09-29 17:28:36"}
{"level":"info","message":"Login button clicked","service":"cucumber-framework","timestamp":"2026-09-29 17:28:36"}
{"level":"info","message":"Current URL after login: https://login.salesforce.com/","service":"cucumber-framework","timestamp":"2026-09-29 17:28:36"}
{"level":"info","message":"Scenario passed: Successful login with valid credentials","service":"cucumber-framework","timestamp":"2026-09-29 17:28:36"}
{"level":"info","message":"Starting scenario: Failed login with invalid credentials","service":"cucumber-framework","timestamp":"2026-09-29 17:28:37"}
{"level":"info","message":"Navigated to: undefined","service":"cucumber-framework","timestamp":"2026-09-29 17:28:37"}
{"level":"info","message":"Navigated to login page","service":"cucumber-framework","timestamp":"2026-09-29 17:28:37"}
{"level":"info","message":"Navigated to login page successfully","service":"cucumber-framework","timestamp":"2026-09-29 17:28:37"}
{"level":"error","message":"Failed to fill [type=\"email\"]: page.fill: value: expected string, got undefined","service":"cucumber-framework","timestamp":"2026-09-29 17:28:37"}
{"level":"error","message":"Login failed: page.fill: value: expected string, got undefined","service":"cucumber-framework","timestamp":"2026-09-29 17:28:37"}
{"level":"error","message":"Failed to enter invalid credentials: page.fill: value: expected string, got undefined","service":"cucumber-framework","timestamp":"2026-09-29 17:28:37"}
{"level":"error","message":"Scenario failed: Failed login with invalid credentials","service":"cucumber-framework","timestamp":"2026-09-29 17:28:37"}
{"level":"info","message":"Screenshot saved: ./screenshots/failed_Failed_login_with_invalid_credentials_2026-09-29T11-58-37-817Z.png","service":"cucumber-framework","timestamp":"2026-09-29 17:28:38"}
{"level":"info","message":"Starting scenario: Login with random user data using Faker","service":"cucumber-framework","timestamp":"2026-09-29 17:28:39"}
{"level":"info","message":"Navigated to: undefined","service":"cucumber-framework","timestamp":"2026-09-29 17:28:39"}
{"level":"info","message":"Navigated to login page","service":"cucumber-framework","timestamp":"2026-09-29 17:28:39"}
{"level":"info","message":"Navigated to login page successfully","service":"cucumber-framework","timestamp":"2026-09-29 17:28:39"}
{"level":"info","message":"Scenario passed: Login with random user data using Faker","service":"cucumber-framework","timestamp":"2026-09-29 17:28:39"}
{"level":"info","message":"Browser closed successfully","service":"cucumber-framework","timestamp":"2026-09-29 17:28:41"}
{"level":"info","message":"Launching browser...","service":"cucumber-framework","timestamp":"2026-09-29 17:46:52"}
{"level":"info","message":"Browser launched successfully","service":"cucumber-framework","timestamp":"2026-09-29 17:46:53"}
{"level":"info","message":"Starting scenario: Successful login with valid credentials","service":"cucumber-framework","timestamp":"2026-09-29 17:46:53"}
{"level":"info","message":"Navigated to: undefined","service":"cucumber-framework","timestamp":"2026-09-29 17:46:54"}
{"level":"info","message":"Navigated to login page","service":"cucumber-framework","timestamp":"2026-09-29 17:46:54"}
{"level":"info","message":"Navigated to login page successfully","service":"cucumber-framework","timestamp":"2026-09-29 17:46:54"}
{"level":"info","message":"Filled [type=\"email\"] with: suruthy28.5f34ee483ea1@agentforce.com","service":"cucumber-framework","timestamp":"2026-09-29 17:46:54"}
{"level":"info","message":"Clicked on element: #Login","service":"cucumber-framework","timestamp":"2026-09-29 17:46:56"}
{"level":"info","message":"Filled [name=\"pw\"] with: Rohi@10062022","service":"cucumber-framework","timestamp":"2026-09-29 17:46:56"}
{"level":"info","message":"Clicked on element: //input[@id=\"Login\"]","service":"cucumber-framework","timestamp":"2026-09-29 17:46:58"}
{"level":"info","message":"Logged in with username: suruthy28.5f34ee483ea1@agentforce.com","service":"cucumber-framework","timestamp":"2026-09-29 17:46:58"}
{"level":"info","message":"Entered valid credentials","service":"cucumber-framework","timestamp":"2026-09-29 17:46:58"}
{"level":"info","message":"Login button clicked","service":"cucumber-framework","timestamp":"2026-09-29 17:46:58"}
{"level":"info","message":"Current URL after login: https://login.salesforce.com/","service":"cucumber-framework","timestamp":"2026-09-29 17:46:58"}
{"level":"info","message":"Scenario passed: Successful login with valid credentials","service":"cucumber-framework","timestamp":"2026-09-29 17:46:58"}
{"level":"info","message":"Browser closed successfully","service":"cucumber-framework","timestamp":"2026-09-29 17:46:59"}
{"level":"info","message":"Launching browser...","service":"cucumber-framework","timestamp":"2026-09-29 18:17:33"}
{"level":"info","message":"Browser launched successfully","service":"cucumber-framework","timestamp":"2026-09-29 18:17:34"}
{"level":"info","message":"Starting scenario: Successful login with valid credentials","service":"cucumber-framework","timestamp":"2026-09-29 18:17:35"}
{"level":"info","message":"Navigated to: undefined","service":"cucumber-framework","timestamp":"2026-09-29 18:17:35"}
{"level":"info","message":"Navigated to login page","service":"cucumber-framework","timestamp":"2026-09-29 18:17:35"}
{"level":"info","message":"Navigated to login page successfully","service":"cucumber-framework","timestamp":"2026-09-29 18:17:35"}
{"level":"info","message":"Filled [type=\"email\"] with: suruthy28.5f34ee483ea1@agentforce.com","service":"cucumber-framework","timestamp":"2026-09-29 18:17:36"}
{"level":"info","message":"Clicked on element: #Login","service":"cucumber-framework","timestamp":"2026-09-29 18:17:38"}
{"level":"info","message":"Filled [name=\"pw\"] with: Rohi@100622","service":"cucumber-framework","timestamp":"2026-09-29 18:17:38"}
{"level":"error","message":"Scenario failed: Successful login with valid credentials","service":"cucumber-framework","timestamp":"2026-09-29 18:17:41"}
{"level":"info","message":"Clicked on element: //input[@id=\"Login\"]","service":"cucumber-framework","timestamp":"2026-09-29 18:17:41"}
{"level":"info","message":"Logged in with username: suruthy28.5f34ee483ea1@agentforce.com","service":"cucumber-framework","timestamp":"2026-09-29 18:17:41"}
{"level":"info","message":"Entered valid credentials","service":"cucumber-framework","timestamp":"2026-09-29 18:17:41"}
{"level":"info","message":"Screenshot saved: ./screenshots/failed_Successful_login_with_valid_credentials_2026-09-29T12-47-41-005Z.png","service":"cucumber-framework","timestamp":"2026-09-29 18:17:41"}
{"level":"info","message":"Browser closed successfully","service":"cucumber-framework","timestamp":"2026-09-29 18:17:43"}
{"level":"info","message":"Launching browser...","service":"cucumber-framework","timestamp":"2026-09-29 19:45:20"}
{"level":"info","message":"Browser launched successfully","service":"cucumber-framework","timestamp":"2026-09-29 19:45:20"}
{"level":"info","message":"Starting scenario: Successful login with valid credentials","service":"cucumber-framework","timestamp":"2026-09-29 19:45:21"}
{"level":"info","message":"Navigated to: undefined","service":"cucumber-framework","timestamp":"2026-09-29 19:45:21"}
{"level":"info","message":"Navigated to login page","service":"cucumber-framework","timestamp":"2026-09-29 19:45:21"}
{"level":"info","message":"Navigated to login page successfully","service":"cucumber-framework","timestamp":"2026-09-29 19:45:21"}
{"level":"info","message":"Filled [type=\"email\"] with: suruthy28.5f34ee483ea1@agentforce.com","service":"cucumber-framework","timestamp":"2026-09-29 19:45:22"}
{"level":"info","message":"Clicked on element: #Login","service":"cucumber-framework","timestamp":"2026-09-29 19:45:23"}
{"level":"info","message":"Filled [name=\"pw\"] with: Rohi@100622","service":"cucumber-framework","timestamp":"2026-09-29 19:45:24"}
{"level":"error","message":"Scenario failed: Successful login with valid credentials","service":"cucumber-framework","timestamp":"2026-09-29 19:45:26"}
{"level":"info","message":"Clicked on element: //input[@id=\"Login\"]","service":"cucumber-framework","timestamp":"2026-09-29 19:45:28"}
{"level":"info","message":"Logged in with username: suruthy28.5f34ee483ea1@agentforce.com","service":"cucumber-framework","timestamp":"2026-09-29 19:45:28"}
{"level":"info","message":"Entered valid credentials","service":"cucumber-framework","timestamp":"2026-09-29 19:45:28"}
{"level":"info","message":"Screenshot saved: ./screenshots/failed_Successful_login_with_valid_credentials_2026-09-29T14-15-26-963Z.png","service":"cucumber-framework","timestamp":"2026-09-29 19:45:28"}
{"level":"info","message":"Browser closed successfully","service":"cucumber-framework","timestamp":"2026-09-29 19:45:29"}
